

! Sorry, but C:\PROGRA~1\MIKTEX~1.9\miktex\bin\x64\pdflatex.exe did not succeed.

! The log file hopefully contains the information to get MiKTeX going again:

!   C:\Users\david\AppData\Local\MiKTeX\2.9\miktex\log\pdflatex.log
